INFO: Running with entropic power schedule (0xFF, 100).
INFO: Seed: 2676716442
INFO: Loaded 1 modules   (48 inline 8-bit counters): 48 [0x55dea8289998, 0x55dea82899c8), 
INFO: Loaded 1 PC tables (48 PCs): 48 [0x55dea82899c8,0x55dea8289cc8), 
MERGE-OUTER: 16 files, 0 in the initial corpus, 0 processed earlier
MERGE-OUTER: attempt 1
INFO: Running with entropic power schedule (0xFF, 100).
INFO: Seed: 2676737499
INFO: Loaded 1 modules   (48 inline 8-bit counters): 48 [0x55f5a933b998, 0x55f5a933b9c8), 
INFO: Loaded 1 PC tables (48 PCs): 48 [0x55f5a933b9c8,0x55f5a933bcc8), 
INFO: -max_len is not provided; libFuzzer will not generate inputs larger than 1048576 bytes
MERGE-INNER: using the control file '/tmp/libFuzzerTemp.Merge816.txt'
MERGE-INNER: 16 total files; 0 processed earlier; will process 16 files now
#1	pulse  cov: 24 ft: 24 exec/s: 0 rss: 27Mb
#2	pulse  cov: 36 ft: 45 exec/s: 0 rss: 27Mb
#4	pulse  cov: 36 ft: 78 exec/s: 0 rss: 27Mb
#8	pulse  cov: 36 ft: 102 exec/s: 0 rss: 27Mb
#16	pulse  cov: 36 ft: 138 exec/s: 0 rss: 27Mb
#16	DONE   cov: 36 ft: 138 exec/s: 0 rss: 27Mb
MERGE-OUTER: successful in 1 attempt(s)
MERGE-OUTER: the control file has 2337 bytes
MERGE-OUTER: consumed 0Mb (27Mb rss) to parse the control file
MERGE-OUTER: 14 new files with 138 new features added; 36 new coverage edges
