INFO: Running with entropic power schedule (0xFF, 100).
INFO: Seed: 690146595
INFO: Loaded 1 modules   (408 inline 8-bit counters): 408 [0x555b474ee7c8, 0x555b474ee960), 
INFO: Loaded 1 PC tables (408 PCs): 408 [0x555b474ee960,0x555b474f02e0), 
MERGE-OUTER: 185 files, 0 in the initial corpus, 0 processed earlier
MERGE-OUTER: attempt 1
INFO: Running with entropic power schedule (0xFF, 100).
INFO: Seed: 690154318
INFO: Loaded 1 modules   (408 inline 8-bit counters): 408 [0x557c1f68e7c8, 0x557c1f68e960), 
INFO: Loaded 1 PC tables (408 PCs): 408 [0x557c1f68e960,0x557c1f6902e0), 
INFO: -max_len is not provided; libFuzzer will not generate inputs larger than 1048576 bytes
MERGE-INNER: using the control file '/tmp/libFuzzerTemp.Merge465.txt'
MERGE-INNER: 185 total files; 0 processed earlier; will process 185 files now
#1	pulse  cov: 111 ft: 112 exec/s: 0 rss: 28Mb
#2	pulse  cov: 168 ft: 183 exec/s: 0 rss: 28Mb
#4	pulse  cov: 180 ft: 205 exec/s: 0 rss: 28Mb
#8	pulse  cov: 195 ft: 238 exec/s: 0 rss: 28Mb
#16	pulse  cov: 205 ft: 290 exec/s: 0 rss: 28Mb
#32	pulse  cov: 214 ft: 351 exec/s: 0 rss: 28Mb
#64	pulse  cov: 228 ft: 420 exec/s: 0 rss: 28Mb
#128	pulse  cov: 255 ft: 568 exec/s: 0 rss: 28Mb
#185	DONE   cov: 256 ft: 650 exec/s: 0 rss: 28Mb
MERGE-OUTER: successful in 1 attempt(s)
MERGE-OUTER: the control file has 24887 bytes
MERGE-OUTER: consumed 0Mb (28Mb rss) to parse the control file
MERGE-OUTER: 126 new files with 650 new features added; 256 new coverage edges
