INFO: Running with entropic power schedule (0xFF, 100).
INFO: Seed: 1324962113
INFO: Loaded 1 modules   (197 inline 8-bit counters): 197 [0x55a040c40190, 0x55a040c40255), 
INFO: Loaded 1 PC tables (197 PCs): 197 [0x55a040c40258,0x55a040c40ea8), 
MERGE-OUTER: 282 files, 0 in the initial corpus, 0 processed earlier
MERGE-OUTER: attempt 1
INFO: Running with entropic power schedule (0xFF, 100).
INFO: Seed: 1324972399
INFO: Loaded 1 modules   (197 inline 8-bit counters): 197 [0x5571b832b190, 0x5571b832b255), 
INFO: Loaded 1 PC tables (197 PCs): 197 [0x5571b832b258,0x5571b832bea8), 
INFO: -max_len is not provided; libFuzzer will not generate inputs larger than 1048576 bytes
MERGE-INNER: using the control file '/tmp/libFuzzerTemp.Merge785.txt'
MERGE-INNER: 282 total files; 0 processed earlier; will process 282 files now
#1	pulse  cov: 42 ft: 43 exec/s: 0 rss: 27Mb
#2	pulse  cov: 42 ft: 45 exec/s: 0 rss: 27Mb
#4	pulse  cov: 42 ft: 51 exec/s: 0 rss: 27Mb
#8	pulse  cov: 42 ft: 57 exec/s: 0 rss: 27Mb
#16	pulse  cov: 106 ft: 194 exec/s: 0 rss: 27Mb
#32	pulse  cov: 132 ft: 312 exec/s: 0 rss: 27Mb
#64	pulse  cov: 142 ft: 471 exec/s: 0 rss: 28Mb
#128	pulse  cov: 145 ft: 746 exec/s: 0 rss: 28Mb
#256	pulse  cov: 145 ft: 1046 exec/s: 0 rss: 28Mb
#282	DONE   cov: 145 ft: 1084 exec/s: 0 rss: 28Mb
MERGE-OUTER: successful in 1 attempt(s)
MERGE-OUTER: the control file has 39269 bytes
MERGE-OUTER: consumed 0Mb (28Mb rss) to parse the control file
MERGE-OUTER: 231 new files with 1084 new features added; 145 new coverage edges
