INFO: Running with entropic power schedule (0xFF, 100).
INFO: Seed: 2103811370
INFO: Loaded 1 modules   (135 inline 8-bit counters): 135 [0x560a8c112178, 0x560a8c1121ff), 
INFO: Loaded 1 PC tables (135 PCs): 135 [0x560a8c112200,0x560a8c112a70), 
MERGE-OUTER: 214 files, 0 in the initial corpus, 0 processed earlier
MERGE-OUTER: attempt 1
INFO: Running with entropic power schedule (0xFF, 100).
INFO: Seed: 2103818814
INFO: Loaded 1 modules   (135 inline 8-bit counters): 135 [0x55f5d852f178, 0x55f5d852f1ff), 
INFO: Loaded 1 PC tables (135 PCs): 135 [0x55f5d852f200,0x55f5d852fa70), 
INFO: -max_len is not provided; libFuzzer will not generate inputs larger than 1048576 bytes
MERGE-INNER: using the control file '/tmp/libFuzzerTemp.Merge943.txt'
MERGE-INNER: 214 total files; 0 processed earlier; will process 214 files now
#1	pulse  cov: 9 ft: 9 exec/s: 0 rss: 28Mb
#2	pulse  cov: 23 ft: 24 exec/s: 0 rss: 28Mb
#4	pulse  cov: 40 ft: 43 exec/s: 0 rss: 28Mb
#8	pulse  cov: 40 ft: 50 exec/s: 0 rss: 28Mb
#16	pulse  cov: 56 ft: 89 exec/s: 0 rss: 28Mb
#32	pulse  cov: 79 ft: 161 exec/s: 0 rss: 28Mb
#64	pulse  cov: 85 ft: 249 exec/s: 0 rss: 28Mb
#128	pulse  cov: 90 ft: 407 exec/s: 0 rss: 28Mb
#214	DONE   cov: 91 ft: 587 exec/s: 0 rss: 28Mb
MERGE-OUTER: successful in 1 attempt(s)
MERGE-OUTER: the control file has 26761 bytes
MERGE-OUTER: consumed 0Mb (27Mb rss) to parse the control file
MERGE-OUTER: 204 new files with 587 new features added; 91 new coverage edges
