INFO: Running with entropic power schedule (0xFF, 100).
INFO: Seed: 2352961760
INFO: Loaded 1 modules   (110 inline 8-bit counters): 110 [0x559538cc7690, 0x559538cc76fe), 
INFO: Loaded 1 PC tables (110 PCs): 110 [0x559538cc7700,0x559538cc7de0), 
MERGE-OUTER: 252 files, 0 in the initial corpus, 0 processed earlier
MERGE-OUTER: attempt 1
INFO: Running with entropic power schedule (0xFF, 100).
INFO: Seed: 2352982647
INFO: Loaded 1 modules   (110 inline 8-bit counters): 110 [0x55d2fa51f690, 0x55d2fa51f6fe), 
INFO: Loaded 1 PC tables (110 PCs): 110 [0x55d2fa51f700,0x55d2fa51fde0), 
INFO: -max_len is not provided; libFuzzer will not generate inputs larger than 1048576 bytes
MERGE-INNER: using the control file '/tmp/libFuzzerTemp.Merge450.txt'
MERGE-INNER: 252 total files; 0 processed earlier; will process 252 files now
#1	pulse  cov: 15 ft: 16 exec/s: 0 rss: 28Mb
#2	pulse  cov: 16 ft: 17 exec/s: 0 rss: 28Mb
#4	pulse  cov: 36 ft: 41 exec/s: 0 rss: 28Mb
#8	pulse  cov: 39 ft: 49 exec/s: 0 rss: 28Mb
#16	pulse  cov: 40 ft: 67 exec/s: 0 rss: 28Mb
#32	pulse  cov: 60 ft: 133 exec/s: 0 rss: 28Mb
#64	pulse  cov: 70 ft: 246 exec/s: 0 rss: 28Mb
#128	pulse  cov: 71 ft: 376 exec/s: 0 rss: 28Mb
#252	DONE   cov: 75 ft: 555 exec/s: 0 rss: 28Mb
MERGE-OUTER: successful in 1 attempt(s)
MERGE-OUTER: the control file has 33122 bytes
MERGE-OUTER: consumed 0Mb (28Mb rss) to parse the control file
MERGE-OUTER: 192 new files with 555 new features added; 75 new coverage edges
