INFO: Running with entropic power schedule (0xFF, 100).
INFO: Seed: 2352968671
INFO: Loaded 1 modules   (143 inline 8-bit counters): 143 [0x55fcadfe4458, 0x55fcadfe44e7), 
INFO: Loaded 1 PC tables (143 PCs): 143 [0x55fcadfe44e8,0x55fcadfe4dd8), 
MERGE-OUTER: 411 files, 0 in the initial corpus, 0 processed earlier
MERGE-OUTER: attempt 1
INFO: Running with entropic power schedule (0xFF, 100).
INFO: Seed: 2352990324
INFO: Loaded 1 modules   (143 inline 8-bit counters): 143 [0x561294e1e458, 0x561294e1e4e7), 
INFO: Loaded 1 PC tables (143 PCs): 143 [0x561294e1e4e8,0x561294e1edd8), 
INFO: -max_len is not provided; libFuzzer will not generate inputs larger than 1048576 bytes
MERGE-INNER: using the control file '/tmp/libFuzzerTemp.Merge459.txt'
MERGE-INNER: 411 total files; 0 processed earlier; will process 411 files now
#1	pulse  cov: 5 ft: 5 exec/s: 0 rss: 28Mb
#2	pulse  cov: 7 ft: 7 exec/s: 0 rss: 28Mb
#4	pulse  cov: 29 ft: 30 exec/s: 0 rss: 28Mb
#8	pulse  cov: 48 ft: 53 exec/s: 0 rss: 28Mb
#16	pulse  cov: 51 ft: 70 exec/s: 0 rss: 28Mb
#32	pulse  cov: 73 ft: 112 exec/s: 0 rss: 28Mb
#64	pulse  cov: 86 ft: 175 exec/s: 0 rss: 28Mb
#128	pulse  cov: 95 ft: 276 exec/s: 0 rss: 28Mb
#256	pulse  cov: 107 ft: 474 exec/s: 0 rss: 28Mb
#411	DONE   cov: 107 ft: 691 exec/s: 0 rss: 28Mb
MERGE-OUTER: successful in 1 attempt(s)
MERGE-OUTER: the control file has 50974 bytes
MERGE-OUTER: consumed 0Mb (28Mb rss) to parse the control file
MERGE-OUTER: 390 new files with 691 new features added; 107 new coverage edges
