INFO: Running with entropic power schedule (0xFF, 100).
INFO: Seed: 2668629638
INFO: Loaded 1 modules   (105 inline 8-bit counters): 105 [0x560170927f70, 0x560170927fd9), 
INFO: Loaded 1 PC tables (105 PCs): 105 [0x560170927fe0,0x560170928670), 
MERGE-OUTER: 333 files, 0 in the initial corpus, 0 processed earlier
MERGE-OUTER: attempt 1
INFO: Running with entropic power schedule (0xFF, 100).
INFO: Seed: 2668646552
INFO: Loaded 1 modules   (105 inline 8-bit counters): 105 [0x55a24933ef70, 0x55a24933efd9), 
INFO: Loaded 1 PC tables (105 PCs): 105 [0x55a24933efe0,0x55a24933f670), 
INFO: -max_len is not provided; libFuzzer will not generate inputs larger than 1048576 bytes
MERGE-INNER: using the control file '/tmp/libFuzzerTemp.Merge468.txt'
MERGE-INNER: 333 total files; 0 processed earlier; will process 333 files now
#1	pulse  cov: 23 ft: 24 exec/s: 0 rss: 28Mb
#2	pulse  cov: 23 ft: 25 exec/s: 0 rss: 28Mb
#4	pulse  cov: 32 ft: 34 exec/s: 0 rss: 28Mb
#8	pulse  cov: 39 ft: 44 exec/s: 0 rss: 28Mb
#16	pulse  cov: 59 ft: 90 exec/s: 0 rss: 28Mb
#32	pulse  cov: 69 ft: 138 exec/s: 0 rss: 28Mb
#64	pulse  cov: 81 ft: 225 exec/s: 0 rss: 28Mb
#128	pulse  cov: 82 ft: 334 exec/s: 0 rss: 28Mb
#256	pulse  cov: 83 ft: 549 exec/s: 0 rss: 28Mb
#333	DONE   cov: 83 ft: 618 exec/s: 0 rss: 28Mb
MERGE-OUTER: successful in 1 attempt(s)
MERGE-OUTER: the control file has 41365 bytes
MERGE-OUTER: consumed 0Mb (28Mb rss) to parse the control file
MERGE-OUTER: 249 new files with 618 new features added; 83 new coverage edges
