INFO: Running with entropic power schedule (0xFF, 100).
INFO: Seed: 2267445823
INFO: Loaded 1 modules   (160 inline 8-bit counters): 160 [0x55b002ebb858, 0x55b002ebb8f8), 
INFO: Loaded 1 PC tables (160 PCs): 160 [0x55b002ebb8f8,0x55b002ebc2f8), 
MERGE-OUTER: 311 files, 0 in the initial corpus, 0 processed earlier
MERGE-OUTER: attempt 1
INFO: Running with entropic power schedule (0xFF, 100).
INFO: Seed: 2267452664
INFO: Loaded 1 modules   (160 inline 8-bit counters): 160 [0x561f6674a858, 0x561f6674a8f8), 
INFO: Loaded 1 PC tables (160 PCs): 160 [0x561f6674a8f8,0x561f6674b2f8), 
INFO: -max_len is not provided; libFuzzer will not generate inputs larger than 1048576 bytes
MERGE-INNER: using the control file '/tmp/libFuzzerTemp.Merge902.txt'
MERGE-INNER: 311 total files; 0 processed earlier; will process 311 files now
#1	pulse  cov: 5 ft: 5 exec/s: 0 rss: 29Mb
#2	pulse  cov: 8 ft: 8 exec/s: 0 rss: 29Mb
#4	pulse  cov: 27 ft: 27 exec/s: 0 rss: 29Mb
#8	pulse  cov: 38 ft: 46 exec/s: 0 rss: 29Mb
#16	pulse  cov: 49 ft: 66 exec/s: 0 rss: 29Mb
#32	pulse  cov: 77 ft: 110 exec/s: 0 rss: 29Mb
#64	pulse  cov: 94 ft: 191 exec/s: 0 rss: 29Mb
#128	pulse  cov: 99 ft: 320 exec/s: 0 rss: 29Mb
#256	pulse  cov: 101 ft: 569 exec/s: 0 rss: 30Mb
#311	DONE   cov: 102 ft: 672 exec/s: 0 rss: 30Mb
MERGE-OUTER: successful in 1 attempt(s)
MERGE-OUTER: the control file has 38294 bytes
MERGE-OUTER: consumed 0Mb (28Mb rss) to parse the control file
MERGE-OUTER: 299 new files with 672 new features added; 102 new coverage edges
