INFO: Running with entropic power schedule (0xFF, 100).
INFO: Seed: 631187910
INFO: Loaded 1 modules   (60 inline 8-bit counters): 60 [0x55b7f6571f08, 0x55b7f6571f44), 
INFO: Loaded 1 PC tables (60 PCs): 60 [0x55b7f6571f48,0x55b7f6572308), 
MERGE-OUTER: 208 files, 0 in the initial corpus, 0 processed earlier
MERGE-OUTER: attempt 1
INFO: Running with entropic power schedule (0xFF, 100).
INFO: Seed: 631201306
INFO: Loaded 1 modules   (60 inline 8-bit counters): 60 [0x55ba1f664f08, 0x55ba1f664f44), 
INFO: Loaded 1 PC tables (60 PCs): 60 [0x55ba1f664f48,0x55ba1f665308), 
INFO: -max_len is not provided; libFuzzer will not generate inputs larger than 1048576 bytes
MERGE-INNER: using the control file '/tmp/libFuzzerTemp.Merge447.txt'
MERGE-INNER: 208 total files; 0 processed earlier; will process 208 files now
#1	pulse  cov: 6 ft: 6 exec/s: 0 rss: 27Mb
#2	pulse  cov: 8 ft: 8 exec/s: 0 rss: 27Mb
#4	pulse  cov: 10 ft: 10 exec/s: 0 rss: 27Mb
#8	pulse  cov: 26 ft: 26 exec/s: 0 rss: 27Mb
#16	pulse  cov: 32 ft: 38 exec/s: 0 rss: 27Mb
#32	pulse  cov: 47 ft: 75 exec/s: 0 rss: 27Mb
#64	pulse  cov: 50 ft: 132 exec/s: 0 rss: 27Mb
#128	pulse  cov: 50 ft: 229 exec/s: 0 rss: 27Mb
#208	DONE   cov: 53 ft: 332 exec/s: 0 rss: 27Mb
MERGE-OUTER: successful in 1 attempt(s)
MERGE-OUTER: the control file has 26198 bytes
MERGE-OUTER: consumed 0Mb (29Mb rss) to parse the control file
MERGE-OUTER: 181 new files with 332 new features added; 53 new coverage edges
