INFO: Running with entropic power schedule (0xFF, 100).
INFO: Seed: 1320923592
INFO: Loaded 1 modules   (197 inline 8-bit counters): 197 [0x560b0983ef48, 0x560b0983f00d), 
INFO: Loaded 1 PC tables (197 PCs): 197 [0x560b0983f010,0x560b0983fc60), 
MERGE-OUTER: 231 files, 0 in the initial corpus, 0 processed earlier
MERGE-OUTER: attempt 1
INFO: Running with entropic power schedule (0xFF, 100).
INFO: Seed: 1320933843
INFO: Loaded 1 modules   (197 inline 8-bit counters): 197 [0x5578f1a80f48, 0x5578f1a8100d), 
INFO: Loaded 1 PC tables (197 PCs): 197 [0x5578f1a81010,0x5578f1a81c60), 
INFO: -max_len is not provided; libFuzzer will not generate inputs larger than 1048576 bytes
MERGE-INNER: using the control file '/tmp/libFuzzerTemp.Merge615.txt'
MERGE-INNER: 231 total files; 0 processed earlier; will process 231 files now
#1	pulse  cov: 18 ft: 19 exec/s: 0 rss: 30Mb
#2	pulse  cov: 36 ft: 40 exec/s: 0 rss: 30Mb
#4	pulse  cov: 65 ft: 75 exec/s: 0 rss: 30Mb
#8	pulse  cov: 71 ft: 92 exec/s: 0 rss: 30Mb
#16	pulse  cov: 95 ft: 143 exec/s: 0 rss: 30Mb
#32	pulse  cov: 103 ft: 200 exec/s: 0 rss: 30Mb
#64	pulse  cov: 116 ft: 285 exec/s: 0 rss: 30Mb
#128	pulse  cov: 116 ft: 577 exec/s: 0 rss: 30Mb
#231	DONE   cov: 116 ft: 877 exec/s: 0 rss: 30Mb
MERGE-OUTER: successful in 1 attempt(s)
MERGE-OUTER: the control file has 30553 bytes
MERGE-OUTER: consumed 0Mb (27Mb rss) to parse the control file
MERGE-OUTER: 205 new files with 877 new features added; 116 new coverage edges
