INFO: Running with entropic power schedule (0xFF, 100).
INFO: Seed: 1590268459
INFO: Loaded 1 modules   (364 inline 8-bit counters): 364 [0x561c5a2a71e0, 0x561c5a2a734c), 
INFO: Loaded 1 PC tables (364 PCs): 364 [0x561c5a2a7350,0x561c5a2a8a10), 
MERGE-OUTER: 683 files, 0 in the initial corpus, 0 processed earlier
MERGE-OUTER: attempt 1
INFO: Running with entropic power schedule (0xFF, 100).
INFO: Seed: 1590290004
INFO: Loaded 1 modules   (364 inline 8-bit counters): 364 [0x55dece6241e0, 0x55dece62434c), 
INFO: Loaded 1 PC tables (364 PCs): 364 [0x55dece624350,0x55dece625a10), 
INFO: -max_len is not provided; libFuzzer will not generate inputs larger than 1048576 bytes
MERGE-INNER: using the control file '/tmp/libFuzzerTemp.Merge650.txt'
MERGE-INNER: 683 total files; 0 processed earlier; will process 683 files now
#1	pulse  cov: 46 ft: 47 exec/s: 0 rss: 28Mb
#2	pulse  cov: 46 ft: 48 exec/s: 0 rss: 28Mb
#4	pulse  cov: 66 ft: 71 exec/s: 0 rss: 28Mb
#8	pulse  cov: 98 ft: 109 exec/s: 0 rss: 28Mb
#16	pulse  cov: 103 ft: 150 exec/s: 0 rss: 28Mb
#32	pulse  cov: 135 ft: 302 exec/s: 0 rss: 28Mb
#64	pulse  cov: 182 ft: 531 exec/s: 0 rss: 28Mb
#128	pulse  cov: 243 ft: 898 exec/s: 0 rss: 28Mb
#256	pulse  cov: 299 ft: 1424 exec/s: 0 rss: 28Mb
#512	pulse  cov: 320 ft: 2105 exec/s: 0 rss: 28Mb
#683	DONE   cov: 320 ft: 2380 exec/s: 0 rss: 28Mb
MERGE-OUTER: successful in 1 attempt(s)
MERGE-OUTER: the control file has 92228 bytes
MERGE-OUTER: consumed 0Mb (28Mb rss) to parse the control file
MERGE-OUTER: 587 new files with 2380 new features added; 320 new coverage edges
