INFO: Running with entropic power schedule (0xFF, 100).
INFO: Seed: 433377313
INFO: Loaded 1 modules   (402 inline 8-bit counters): 402 [0x55dc4b315698, 0x55dc4b31582a), 
INFO: Loaded 1 PC tables (402 PCs): 402 [0x55dc4b315830,0x55dc4b317150), 
MERGE-OUTER: 713 files, 0 in the initial corpus, 0 processed earlier
MERGE-OUTER: attempt 1
INFO: Running with entropic power schedule (0xFF, 100).
INFO: Seed: 433399389
INFO: Loaded 1 modules   (402 inline 8-bit counters): 402 [0x5596a023e698, 0x5596a023e82a), 
INFO: Loaded 1 PC tables (402 PCs): 402 [0x5596a023e830,0x5596a0240150), 
INFO: -max_len is not provided; libFuzzer will not generate inputs larger than 1048576 bytes
MERGE-INNER: using the control file '/tmp/libFuzzerTemp.Merge505.txt'
MERGE-INNER: 713 total files; 0 processed earlier; will process 713 files now
#1	pulse  cov: 58 ft: 59 exec/s: 0 rss: 28Mb
#2	pulse  cov: 58 ft: 63 exec/s: 0 rss: 28Mb
#4	pulse  cov: 58 ft: 67 exec/s: 0 rss: 28Mb
#8	pulse  cov: 58 ft: 73 exec/s: 0 rss: 28Mb
#16	pulse  cov: 113 ft: 149 exec/s: 0 rss: 28Mb
#32	pulse  cov: 119 ft: 249 exec/s: 0 rss: 28Mb
#64	pulse  cov: 201 ft: 489 exec/s: 0 rss: 28Mb
#128	pulse  cov: 246 ft: 800 exec/s: 0 rss: 28Mb
#256	pulse  cov: 296 ft: 1279 exec/s: 0 rss: 28Mb
#512	pulse  cov: 336 ft: 2033 exec/s: 0 rss: 28Mb
#713	DONE   cov: 336 ft: 2426 exec/s: 0 rss: 28Mb
MERGE-OUTER: successful in 1 attempt(s)
MERGE-OUTER: the control file has 104725 bytes
MERGE-OUTER: consumed 0Mb (28Mb rss) to parse the control file
MERGE-OUTER: 598 new files with 2426 new features added; 336 new coverage edges
