INFO: Running with entropic power schedule (0xFF, 100).
INFO: Seed: 9441444
INFO: Loaded 1 modules   (98 inline 8-bit counters): 98 [0x5585a566d070, 0x5585a566d0d2), 
INFO: Loaded 1 PC tables (98 PCs): 98 [0x5585a566d0d8,0x5585a566d6f8), 
MERGE-OUTER: 255 files, 0 in the initial corpus, 0 processed earlier
MERGE-OUTER: attempt 1
INFO: Running with entropic power schedule (0xFF, 100).
INFO: Seed: 9450471
INFO: Loaded 1 modules   (98 inline 8-bit counters): 98 [0x55d625fb7070, 0x55d625fb70d2), 
INFO: Loaded 1 PC tables (98 PCs): 98 [0x55d625fb70d8,0x55d625fb76f8), 
INFO: -max_len is not provided; libFuzzer will not generate inputs larger than 1048576 bytes
MERGE-INNER: using the control file '/tmp/libFuzzerTemp.Merge759.txt'
MERGE-INNER: 255 total files; 0 processed earlier; will process 255 files now
#1	pulse  cov: 4 ft: 4 exec/s: 0 rss: 29Mb
#2	pulse  cov: 6 ft: 6 exec/s: 0 rss: 29Mb
#4	pulse  cov: 15 ft: 15 exec/s: 0 rss: 29Mb
#8	pulse  cov: 26 ft: 26 exec/s: 0 rss: 29Mb
#16	pulse  cov: 41 ft: 46 exec/s: 0 rss: 29Mb
#32	pulse  cov: 45 ft: 70 exec/s: 0 rss: 29Mb
#64	pulse  cov: 62 ft: 134 exec/s: 0 rss: 29Mb
#128	pulse  cov: 71 ft: 250 exec/s: 0 rss: 29Mb
#255	DONE   cov: 71 ft: 472 exec/s: 0 rss: 29Mb
MERGE-OUTER: successful in 1 attempt(s)
MERGE-OUTER: the control file has 32060 bytes
MERGE-OUTER: consumed 0Mb (27Mb rss) to parse the control file
MERGE-OUTER: 233 new files with 472 new features added; 71 new coverage edges
