INFO: Running with entropic power schedule (0xFF, 100).
INFO: Seed: 3971376350
INFO: Loaded 1 modules   (96 inline 8-bit counters): 96 [0x55f0929b7f48, 0x55f0929b7fa8), 
INFO: Loaded 1 PC tables (96 PCs): 96 [0x55f0929b7fa8,0x55f0929b85a8), 
MERGE-OUTER: 196 files, 0 in the initial corpus, 0 processed earlier
MERGE-OUTER: attempt 1
INFO: Running with entropic power schedule (0xFF, 100).
INFO: Seed: 3971392889
INFO: Loaded 1 modules   (96 inline 8-bit counters): 96 [0x5558dc2adf48, 0x5558dc2adfa8), 
INFO: Loaded 1 PC tables (96 PCs): 96 [0x5558dc2adfa8,0x5558dc2ae5a8), 
INFO: -max_len is not provided; libFuzzer will not generate inputs larger than 1048576 bytes
MERGE-INNER: using the control file '/tmp/libFuzzerTemp.Merge613.txt'
MERGE-INNER: 196 total files; 0 processed earlier; will process 196 files now
#1	pulse  cov: 14 ft: 14 exec/s: 0 rss: 27Mb
#2	pulse  cov: 18 ft: 18 exec/s: 0 rss: 27Mb
#4	pulse  cov: 28 ft: 28 exec/s: 0 rss: 27Mb
#8	pulse  cov: 39 ft: 43 exec/s: 0 rss: 27Mb
#16	pulse  cov: 41 ft: 71 exec/s: 0 rss: 27Mb
#32	pulse  cov: 54 ft: 122 exec/s: 0 rss: 27Mb
#64	pulse  cov: 67 ft: 208 exec/s: 0 rss: 27Mb
#128	pulse  cov: 67 ft: 378 exec/s: 0 rss: 27Mb
#196	DONE   cov: 75 ft: 528 exec/s: 0 rss: 27Mb
MERGE-OUTER: successful in 1 attempt(s)
MERGE-OUTER: the control file has 25016 bytes
MERGE-OUTER: consumed 0Mb (27Mb rss) to parse the control file
MERGE-OUTER: 194 new files with 528 new features added; 75 new coverage edges
